
> @zeo/web@1.0.0 build
> next build --webpack

Γû▓ Next.js 16.1.6 (webpack)
- Experiments (use with caution):
  ┬╖ serverActions

  Creating an optimized production build ...
Failed to compile.

./src/panels/registry.ts
Module not found: Can't resolve './stitch/stitch_decision_branching_view/decision_composer_panel/manifest'

https://nextjs.org/docs/messages/module-not-found

Import trace for requested module:
./src/app/demo/page.tsx

./src/panels/registry.ts
Module not found: Can't resolve './stitch/stitch_decision_branching_view/branch_explorer_panel/manifest'

https://nextjs.org/docs/messages/module-not-found

Import trace for requested module:
./src/app/demo/page.tsx

./src/panels/registry.ts
Module not found: Can't resolve './stitch/stitch_decision_branching_view/evidence_inbox_panel_1/manifest'

https://nextjs.org/docs/messages/module-not-found

Import trace for requested module:
./src/app/demo/page.tsx

./src/panels/registry.ts
Module not found: Can't resolve './stitch/stitch_decision_branching_view/signals_strip_panel/manifest'

https://nextjs.org/docs/messages/module-not-found

Import trace for requested module:
./src/app/demo/page.tsx

./src/panels/registry.ts
Module not found: Can't resolve './stitch/stitch_decision_branching_view/zeo_decision_dashboard/manifest'

https://nextjs.org/docs/messages/module-not-found

Import trace for requested module:
./src/app/demo/page.tsx


> Build failed because of webpack errors
