
> @zeo/web@1.0.0 build C:\Users\scott\Documents\GitHub\Zeo\Zeo\apps\web
> next build

ΓÜá Invalid next.config.mjs options detected: 
ΓÜá     Unrecognized key(s) in object: 'turbopack' at "experimental"
ΓÜá See more info here: https://nextjs.org/docs/messages/invalid-next-config
ΓÜá Warning: Next.js inferred your workspace root, but it may not be correct.
 We detected multiple lockfiles and selected the directory of C:\Users\scott\pnpm-lock.yaml as the root directory.
 To silence this warning, set `turbopack.root` in your Next.js config, or consider removing one of the lockfiles if it's not needed.
   See https://nextjs.org/docs/app/api-reference/config/next-config-js/turbopack#root-directory for more information.
 Detected additional lockfiles: 
   * C:\Users\scott\Documents\GitHub\Zeo\Zeo\pnpm-lock.yaml
   * C:\Users\scott\Documents\GitHub\Zeo\pnpm-lock.yaml

Γû▓ Next.js 16.1.6 (Turbopack)
- Experiments (use with caution):
  ┬╖ serverActions
  ? turbopack (invalid experimental key)

  Creating an optimized production build ...
Γ£ô Compiled successfully in 3.9s
  Running TypeScript ...
Failed to compile.

./src/panels/builtin/radar/panel.tsx:6:35
Type error: Cannot find module '@zeo/radar' or its corresponding type declarations.

  4 | import type { UiPanelManifest, DecisionSpec } from '@zeo/contracts';
  5 | import { useDecisionStore } from '@/stores/decisionStore';
> 6 | import { runStrategicRadar } from '@zeo/radar';
    |                                   ^
  7 | import type { SignalDiscoveryGraph, CandidateSignal } from '@zeo/signal-discovery';
  8 | import { nanoid } from 'nanoid';
  9 |
Next.js build worker exited with code: 1 and signal: null
C:\Users\scott\Documents\GitHub\Zeo\Zeo\apps\web:
ΓÇëERR_PNPM_RECURSIVE_RUN_FIRST_FAILΓÇë @zeo/web@1.0.0 build: `next build`
Exit status 1
